// Vitest Snapshot v1, https://vitest.dev/guide/snapshot.html

exports[`portfolio card headline — rendered snapshots > loaded state: gain (positive pnl, emerald) — GBP, thousands separators, 2dp 1`] = `"<div class="shrink-0 text-right"><div class="text-[10px] uppercase tracking-wide text-muted-foreground">Total equity</div><div class="text-2xl font-bold leading-tight tabular-nums">GBP 12,345.60</div><div class="mt-1 text-xs tabular-nums text-muted-foreground">GBP 2,100.00<span class="ml-1 text-[10px]">cash</span></div><div class="text-xs tabular-nums text-success">+23.46%<span class="ml-1 text-[10px] text-muted-foreground">cash vs start</span></div></div>"`;

exports[`portfolio card headline — rendered snapshots > loaded state: loss (negative pnl, red) — sign and colour flip together 1`] = `"<div class="shrink-0 text-right"><div class="text-[10px] uppercase tracking-wide text-muted-foreground">Total equity</div><div class="text-2xl font-bold leading-tight tabular-nums">GBP 874.05</div><div class="mt-1 text-xs tabular-nums text-muted-foreground">GBP 200.00<span class="ml-1 text-[10px]">cash</span></div><div class="text-xs tabular-nums text-destructive">-12.59%<span class="ml-1 text-[10px] text-muted-foreground">cash vs start</span></div></div>"`;

exports[`portfolio card headline — rendered snapshots > loaded state: tiny / -0 amounts coerce to 0.00, never '-0.00' 1`] = `"<div class="shrink-0 text-right"><div class="text-[10px] uppercase tracking-wide text-muted-foreground">Total equity</div><div class="text-2xl font-bold leading-tight tabular-nums">GBP 0.00</div><div class="mt-1 text-xs tabular-nums text-muted-foreground">GBP 0.00<span class="ml-1 text-[10px]">cash</span></div><div class="text-xs tabular-nums text-success">+0.00%<span class="ml-1 text-[10px] text-muted-foreground">cash vs start</span></div></div>"`;

exports[`portfolio card headline — rendered snapshots > loading state: two right-aligned skeletons, no headline number 1`] = `"<div class="shrink-0 text-right"><div class="text-[10px] uppercase tracking-wide text-muted-foreground">Total equity</div><div data-testid="total-equity-skeleton" aria-label="Loading total equity" class="ml-auto mt-1 h-7 w-28 animate-pulse rounded-md bg-muted"></div><div class="ml-auto mt-2 h-3 w-20 animate-pulse rounded-md bg-muted"></div></div>"`;
